
> projet-mawad@0.1.0 build
> prisma generate && next build

node.exe : Loaded Prisma config from prisma.config.ts.
Au caractère C:\Program Files\nodejs\npm.ps1:29 : 3
+   & $NODE_EXE $NPM_CLI_JS $args
+   ~~~~~~~~~~~~~~~~~~~~~~~~~~~~~
    + CategoryInfo          : NotSpecified: (Loaded Prisma c...isma.config.ts.:String) [], Remot 
   eException
    + FullyQualifiedErrorId : NativeCommandError
 

Prisma schema loaded from prisma\schema.prisma.

Ô£ö Generated Prisma Client (v7.4.2) to .\node_modules\@prisma\client in 218ms

Start by importing your Prisma Client (See: https://pris.ly/d/importing-client)


Ôû▓ Next.js 16.1.6 (Turbopack)
- Environments: .env

ÔÜá The "middleware" file convention is deprecated. Please use "proxy" instead. Learn more: 
https://nextjs.org/docs/messages/middleware-to-proxy
  Creating an optimized production build ...
Ô£ô Compiled successfully in 7.8s
  Skipping validation of types
  Collecting page data using 11 workers ...
Error [PrismaClientInitializationError]: `PrismaClient` needs to be constructed with a 
non-empty, valid `PrismaClientOptions`:

```
new PrismaClient({
  ...
})
```

or

```
constructor() {
  super({ ... });
}
```
          
    at module evaluation 
(F:\Projet_Mawad\.next\server\chunks\[root-of-the-server]__9355ab56._.js:1:195)
    at instantiateModule (F:\Projet_Mawad\.next\server\chunks\[turbopack]_runtime.js:740:9)
    at getOrInstantiateModuleFromParent 
(F:\Projet_Mawad\.next\server\chunks\[turbopack]_runtime.js:763:12)
    at Context.esmImport [as i] 
(F:\Projet_Mawad\.next\server\chunks\[turbopack]_runtime.js:228:20)
    at module evaluation 
(F:\Projet_Mawad\.next\server\chunks\[root-of-the-server]__7ff86977._.js:1:1437)
    at instantiateModule (F:\Projet_Mawad\.next\server\chunks\[turbopack]_runtime.js:740:9)
    at instantiateRuntimeModule 
(F:\Projet_Mawad\.next\server\chunks\[turbopack]_runtime.js:768:12)
    at getOrInstantiateRuntimeModule 
(F:\Projet_Mawad\.next\server\chunks\[turbopack]_runtime.js:781:12)
    at Object.m (F:\Projet_Mawad\.next\server\chunks\[turbopack]_runtime.js:790:18) {
  clientVersion: '7.4.2',
  errorCode: undefined,
  retryable: undefined
}
Error [PrismaClientInitializationError]: `PrismaClient` needs to be constructed with a 
non-empty, valid `PrismaClientOptions`:

```
new PrismaClient({
  ...
})
```

or

```
constructor() {
  super({ ... });
}
```
          
    at module evaluation 
(F:\Projet_Mawad\.next\server\chunks\[root-of-the-server]__9355ab56._.js:1:195)
    at instantiateModule (F:\Projet_Mawad\.next\server\chunks\[turbopack]_runtime.js:740:9)
    at getOrInstantiateModuleFromParent 
(F:\Projet_Mawad\.next\server\chunks\[turbopack]_runtime.js:763:12)
    at Context.esmImport [as i] 
(F:\Projet_Mawad\.next\server\chunks\[turbopack]_runtime.js:228:20)
    at module evaluation 
(F:\Projet_Mawad\.next\server\chunks\[root-of-the-server]__b23590e7._.js:1:1438)
    at instantiateModule (F:\Projet_Mawad\.next\server\chunks\[turbopack]_runtime.js:740:9)
    at instantiateRuntimeModule 
(F:\Projet_Mawad\.next\server\chunks\[turbopack]_runtime.js:768:12)
    at getOrInstantiateRuntimeModule 
(F:\Projet_Mawad\.next\server\chunks\[turbopack]_runtime.js:781:12)
    at Object.m (F:\Projet_Mawad\.next\server\chunks\[turbopack]_runtime.js:790:18) {
  clientVersion: '7.4.2',
  errorCode: undefined,
  retryable: undefined
}

> Build error occurred
Error: Failed to collect page data for /api/sales/bulk
    at ignore-listed frames {
  type: 'Error'
}
